<html>
<body>
<pre>
<h1>µVision Build Log</h1>
<h2>Tool Versions:</h2>
IDE-Version: µVision V5.36.0.0
Copyright (C) 2021 ARM Ltd and ARM Germany GmbH. All rights reserved.
License Information: SCU SCU SCU Flex license: MDK Professional 5.36 (Flex) (mdk_pro) Operation stops: 13 Jan 2024
 
Tool Versions:
Toolchain:       MDK Professional 5.36 (Flex)  Version: 5.36.0.0
Toolchain Path:  C:\Apps\Keil_v5\ARM\ARMCLANG\Bin
C Compiler:      ArmClang.exe V6.16
Assembler:       Armasm.exe V6.16
Linker/Locator:  ArmLink.exe V6.16
Library Manager: ArmAr.exe V6.16
Hex Converter:   FromElf.exe V6.16
CPU DLL:         SARMCM3.DLL V5.36.0.0
Dialog DLL:      DCM.DLL V1.17.3.0 
<h2>Project:</h2>
Z:\ELEN_120L\Lab2\Lab2.uvproj
Project File Date:  10/10/2023

<h2>Output:</h2>
*** Using Compiler 'V6.16', folder: 'C:\Apps\Keil_v5\ARM\ARMCLANG\Bin'
Build target 'Target 1'
assembling main.s...
linking...
Program Size: Code=136 RO-data=392 RW-data=0 ZI-data=5376  
".\Objects\Lab2.axf" - 0 Error(s), 0 Warning(s).
Build Time Elapsed:  00:00:01
</pre>
</body>
</html>
