Component: ARM Compiler 6.16 Tool: armlink [5dfeaa00]

==============================================================================

Section Cross References

    startup_cm4.o(STACK) refers (Special) to heapauxi.o(.text) for __use_two_region_memory
    startup_cm4.o(HEAP) refers (Special) to heapauxi.o(.text) for __use_two_region_memory
    startup_cm4.o(RESET) refers (Special) to heapauxi.o(.text) for __use_two_region_memory
    startup_cm4.o(RESET) refers to startup_cm4.o(STACK) for __initial_sp
    startup_cm4.o(RESET) refers to startup_cm4.o(.text) for Reset_Handler
    startup_cm4.o(.text) refers (Special) to heapauxi.o(.text) for __use_two_region_memory
    startup_cm4.o(.text) refers to main.o(main) for __main
    startup_cm4.o(.text) refers to startup_cm4.o(HEAP) for Heap_Mem
    startup_cm4.o(.text) refers to startup_cm4.o(STACK) for Stack_Mem


==============================================================================

Image Symbol Table

    Local Symbols

    Symbol Name                              Value     Ov Type        Size  Object(Section)

    ../clib/heapaux.c                        0x00000000   Number         0  heapauxi.o ABSOLUTE
    Z:/ELEN_120L/startup_cm4.s               0x00000000   Number         0  startup_cm4.o ABSOLUTE
    dc.s                                     0x00000000   Number         0  dc.o ABSOLUTE
    main.s                                   0x00000000   Number         0  main.o ABSOLUTE
    RESET                                    0x00000000   Section      392  startup_cm4.o(RESET)
    .text                                    0x00000188   Section       56  startup_cm4.o(.text)
    .text                                    0x000001c0   Section        0  heapauxi.o(.text)
    main                                     0x000001c8   Section       56  main.o(main)
    list                                     0x000001e8   Data          10  main.o(main)
    listsize                                 0x000001f4   Data           4  main.o(main)
    Heap_Mem                                 0x10000000   Data        1280  startup_cm4.o(HEAP)
    HEAP                                     0x10000000   Section     1280  startup_cm4.o(HEAP)
    Stack_Mem                                0x10000500   Data        4096  startup_cm4.o(STACK)
    STACK                                    0x10000500   Section     4096  startup_cm4.o(STACK)
    __initial_sp                             0x10001500   Data           0  startup_cm4.o(STACK)

    Global Symbols

    Symbol Name                              Value     Ov Type        Size  Object(Section)

    BuildAttributes$$THM_ISAv4$E$P$D$K$B$S$7EM$PE$A:L22UL41UL21$X:L11$S22US41US21$IEEE1$IW$~IW$USESV6$~STKCKD$USESV7$~SHL$OSPACE$ROPI$EBA8$STANDARDLIB$REQ8$PRES8$EABIv2 0x00000000   Number         0  anon$$obj.o ABSOLUTE
    __Vectors                                0x00000000   Data           4  startup_cm4.o(RESET)
    Reset_Handler                            0x00000189   Thumb Code     4  startup_cm4.o(.text)
    __Vectors_End                            0x00000188   Data           0  startup_cm4.o(RESET)
    __Vectors_Size                           0x00000188   Number         0  startup_cm4.o ABSOLUTE
    NMI_Handler                              0x0000018d   Thumb Code     2  startup_cm4.o(.text)
    HardFault_Handler                        0x0000018f   Thumb Code     2  startup_cm4.o(.text)
    MemManage_Handler                        0x00000191   Thumb Code     2  startup_cm4.o(.text)
    BusFault_Handler                         0x00000193   Thumb Code     2  startup_cm4.o(.text)
    UsageFault_Handler                       0x00000195   Thumb Code     2  startup_cm4.o(.text)
    SVC_Handler                              0x00000197   Thumb Code     2  startup_cm4.o(.text)
    DebugMon_Handler                         0x00000199   Thumb Code     2  startup_cm4.o(.text)
    PendSV_Handler                           0x0000019b   Thumb Code     2  startup_cm4.o(.text)
    SysTick_Handler                          0x0000019d   Thumb Code     2  startup_cm4.o(.text)
    ADC1_2_IRQHandler                        0x0000019f   Thumb Code     0  startup_cm4.o(.text)
    ADC3_IRQHandler                          0x0000019f   Thumb Code     0  startup_cm4.o(.text)
    CAN1_RX0_IRQHandler                      0x0000019f   Thumb Code     0  startup_cm4.o(.text)
    CAN1_RX1_IRQHandler                      0x0000019f   Thumb Code     0  startup_cm4.o(.text)
    CAN1_SCE_IRQHandler                      0x0000019f   Thumb Code     0  startup_cm4.o(.text)
    CAN1_TX_IRQHandler                       0x0000019f   Thumb Code     0  startup_cm4.o(.text)
    COMP_IRQHandler                          0x0000019f   Thumb Code     0  startup_cm4.o(.text)
    DFSDM0_IRQHandler                        0x0000019f   Thumb Code     0  startup_cm4.o(.text)
    DFSDM1_IRQHandler                        0x0000019f   Thumb Code     0  startup_cm4.o(.text)
    DFSDM2_IRQHandler                        0x0000019f   Thumb Code     0  startup_cm4.o(.text)
    DFSDM3_IRQHandler                        0x0000019f   Thumb Code     0  startup_cm4.o(.text)
    DMA1_Channel1_IRQHandler                 0x0000019f   Thumb Code     0  startup_cm4.o(.text)
    DMA1_Channel2_IRQHandler                 0x0000019f   Thumb Code     0  startup_cm4.o(.text)
    DMA1_Channel3_IRQHandler                 0x0000019f   Thumb Code     0  startup_cm4.o(.text)
    DMA1_Channel4_IRQHandler                 0x0000019f   Thumb Code     0  startup_cm4.o(.text)
    DMA1_Channel5_IRQHandler                 0x0000019f   Thumb Code     0  startup_cm4.o(.text)
    DMA1_Channel6_IRQHandler                 0x0000019f   Thumb Code     0  startup_cm4.o(.text)
    DMA1_Channel7_IRQHandler                 0x0000019f   Thumb Code     0  startup_cm4.o(.text)
    DMA2_Channel1_IRQHandler                 0x0000019f   Thumb Code     0  startup_cm4.o(.text)
    DMA2_Channel2_IRQHandler                 0x0000019f   Thumb Code     0  startup_cm4.o(.text)
    DMA2_Channel3_IRQHandler                 0x0000019f   Thumb Code     0  startup_cm4.o(.text)
    DMA2_Channel4_IRQHandler                 0x0000019f   Thumb Code     0  startup_cm4.o(.text)
    DMA2_Channel5_IRQHandler                 0x0000019f   Thumb Code     0  startup_cm4.o(.text)
    DMA2_Channel6_IRQHandler                 0x0000019f   Thumb Code     0  startup_cm4.o(.text)
    DMA2_Channel7_IRQHandler                 0x0000019f   Thumb Code     0  startup_cm4.o(.text)
    EXTI0_IRQHandler                         0x0000019f   Thumb Code     0  startup_cm4.o(.text)
    EXTI15_10_IRQHandler                     0x0000019f   Thumb Code     0  startup_cm4.o(.text)
    EXTI1_IRQHandler                         0x0000019f   Thumb Code     0  startup_cm4.o(.text)
    EXTI2_IRQHandler                         0x0000019f   Thumb Code     0  startup_cm4.o(.text)
    EXTI3_IRQHandler                         0x0000019f   Thumb Code     0  startup_cm4.o(.text)
    EXTI4_IRQHandler                         0x0000019f   Thumb Code     0  startup_cm4.o(.text)
    EXTI9_5_IRQHandler                       0x0000019f   Thumb Code     0  startup_cm4.o(.text)
    FLASH_IRQHandler                         0x0000019f   Thumb Code     0  startup_cm4.o(.text)
    FMC_IRQHandler                           0x0000019f   Thumb Code     0  startup_cm4.o(.text)
    FPU_IRQHandler                           0x0000019f   Thumb Code     0  startup_cm4.o(.text)
    I2C1_ER_IRQHandler                       0x0000019f   Thumb Code     0  startup_cm4.o(.text)
    I2C1_EV_IRQHandler                       0x0000019f   Thumb Code     0  startup_cm4.o(.text)
    I2C2_ER_IRQHandler                       0x0000019f   Thumb Code     0  startup_cm4.o(.text)
    I2C2_EV_IRQHandler                       0x0000019f   Thumb Code     0  startup_cm4.o(.text)
    I2C3_ER_IRQHandler                       0x0000019f   Thumb Code     0  startup_cm4.o(.text)
    I2C3_EV_IRQHandler                       0x0000019f   Thumb Code     0  startup_cm4.o(.text)
    LCD_IRQHandler                           0x0000019f   Thumb Code     0  startup_cm4.o(.text)
    LPTIM1_IRQHandler                        0x0000019f   Thumb Code     0  startup_cm4.o(.text)
    LPTIM2_IRQHandler                        0x0000019f   Thumb Code     0  startup_cm4.o(.text)
    LPUART1_IRQHandler                       0x0000019f   Thumb Code     0  startup_cm4.o(.text)
    OTG_FS_IRQHandler                        0x0000019f   Thumb Code     0  startup_cm4.o(.text)
    PVD_PVM_IRQHandler                       0x0000019f   Thumb Code     0  startup_cm4.o(.text)
    QUADSPI_IRQHandler                       0x0000019f   Thumb Code     0  startup_cm4.o(.text)
    RCC_IRQHandler                           0x0000019f   Thumb Code     0  startup_cm4.o(.text)
    RNG_IRQHandler                           0x0000019f   Thumb Code     0  startup_cm4.o(.text)
    RTC_Alarm_IRQHandler                     0x0000019f   Thumb Code     0  startup_cm4.o(.text)
    RTC_WKUP_IRQHandler                      0x0000019f   Thumb Code     0  startup_cm4.o(.text)
    SAI1_IRQHandler                          0x0000019f   Thumb Code     0  startup_cm4.o(.text)
    SAI2_IRQHandler                          0x0000019f   Thumb Code     0  startup_cm4.o(.text)
    SDMMC1_IRQHandler                        0x0000019f   Thumb Code     0  startup_cm4.o(.text)
    SPI1_IRQHandler                          0x0000019f   Thumb Code     0  startup_cm4.o(.text)
    SPI2_IRQHandler                          0x0000019f   Thumb Code     0  startup_cm4.o(.text)
    SPI3_IRQHandler                          0x0000019f   Thumb Code     0  startup_cm4.o(.text)
    SWPMI1_IRQHandler                        0x0000019f   Thumb Code     0  startup_cm4.o(.text)
    TAMP_STAMP_IRQHandler                    0x0000019f   Thumb Code     0  startup_cm4.o(.text)
    TIM1_BRK_TIM15_IRQHandler                0x0000019f   Thumb Code     0  startup_cm4.o(.text)
    TIM1_CC_IRQHandler                       0x0000019f   Thumb Code     0  startup_cm4.o(.text)
    TIM1_TRG_COM_TIM17_IRQHandler            0x0000019f   Thumb Code     0  startup_cm4.o(.text)
    TIM1_UP_TIM16_IRQHandler                 0x0000019f   Thumb Code     0  startup_cm4.o(.text)
    TIM2_IRQHandler                          0x0000019f   Thumb Code     0  startup_cm4.o(.text)
    TIM3_IRQHandler                          0x0000019f   Thumb Code     0  startup_cm4.o(.text)
    TIM4_IRQHandler                          0x0000019f   Thumb Code     0  startup_cm4.o(.text)
    TIM5_IRQHandler                          0x0000019f   Thumb Code     0  startup_cm4.o(.text)
    TIM6_DAC_IRQHandler                      0x0000019f   Thumb Code     0  startup_cm4.o(.text)
    TIM7_IRQHandler                          0x0000019f   Thumb Code     0  startup_cm4.o(.text)
    TIM8_BRK_IRQHandler                      0x0000019f   Thumb Code     0  startup_cm4.o(.text)
    TIM8_CC_IRQHandler                       0x0000019f   Thumb Code     0  startup_cm4.o(.text)
    TIM8_TRG_COM_IRQHandler                  0x0000019f   Thumb Code     0  startup_cm4.o(.text)
    TIM8_UP_IRQHandler                       0x0000019f   Thumb Code     0  startup_cm4.o(.text)
    TSC_IRQHandler                           0x0000019f   Thumb Code     0  startup_cm4.o(.text)
    UART4_IRQHandler                         0x0000019f   Thumb Code     0  startup_cm4.o(.text)
    UART5_IRQHandler                         0x0000019f   Thumb Code     0  startup_cm4.o(.text)
    USART1_IRQHandler                        0x0000019f   Thumb Code     0  startup_cm4.o(.text)
    USART2_IRQHandler                        0x0000019f   Thumb Code     0  startup_cm4.o(.text)
    USART3_IRQHandler                        0x0000019f   Thumb Code     0  startup_cm4.o(.text)
    WWDG_IRQHandler                          0x0000019f   Thumb Code     0  startup_cm4.o(.text)
    __user_initial_stackheap                 0x000001a1   Thumb Code     0  startup_cm4.o(.text)
    __use_two_region_memory                  0x000001c1   Thumb Code     2  heapauxi.o(.text)
    __rt_heap_escrow$2region                 0x000001c3   Thumb Code     2  heapauxi.o(.text)
    __rt_heap_expand$2region                 0x000001c5   Thumb Code     2  heapauxi.o(.text)
    __main                                   0x000001c9   Thumb Code    30  main.o(main)



==============================================================================

Memory Map of the image

  Image Entry point : 0x00000189

  Load Region LR_1 (Base: 0x00000000, Size: 0x00000200, Max: 0xffffffff, ABSOLUTE)

    Execution Region ER_RO (Exec base: 0x00000000, Load base: 0x00000000, Size: 0x00000200, Max: 0xffffffff, ABSOLUTE)

    Exec Addr    Load Addr    Size         Type   Attr      Idx    E Section Name        Object

    0x00000000   0x00000000   0x00000188   Data   RO            3    RESET               startup_cm4.o
    0x00000188   0x00000188   0x00000038   Code   RO            4  * .text               startup_cm4.o
    0x000001c0   0x000001c0   0x00000006   Code   RO           16    .text               c_w.l(heapauxi.o)
    0x000001c6   0x000001c6   0x00000002   PAD
    0x000001c8   0x000001c8   0x00000038   Code   RO           10  * main                main.o


    Execution Region ER_RW (Exec base: 0x10000000, Load base: 0x00000200, Size: 0x00000000, Max: 0xffffffff, ABSOLUTE)

    **** No section assigned to this execution region ****


    Execution Region ER_ZI (Exec base: 0x10000000, Load base: 0x00000200, Size: 0x00001500, Max: 0xffffffff, ABSOLUTE)

    Exec Addr    Load Addr    Size         Type   Attr      Idx    E Section Name        Object

    0x10000000        -       0x00000500   Zero   RW            2    HEAP                startup_cm4.o
    0x10000500        -       0x00001000   Zero   RW            1    STACK               startup_cm4.o


==============================================================================

Image component sizes


      Code (inc. data)   RO Data    RW Data    ZI Data      Debug   Object Name

        56         26          0          0          0        256   main.o
        56         22        392          0       5376        756   startup_cm4.o

    ----------------------------------------------------------------------
       112         48        392          0       5376       1012   Object Totals
         0          0          0          0          0          0   (incl. Generated)
         0          0          0          0          0          0   (incl. Padding)

    ----------------------------------------------------------------------

      Code (inc. data)   RO Data    RW Data    ZI Data      Debug   Library Member Name

         6          0          0          0          0        152   heapauxi.o

    ----------------------------------------------------------------------
         8          0          0          0          0        152   Library Totals
         2          0          0          0          0          0   (incl. Padding)

    ----------------------------------------------------------------------

      Code (inc. data)   RO Data    RW Data    ZI Data      Debug   Library Name

         6          0          0          0          0        152   c_w.l

    ----------------------------------------------------------------------
         8          0          0          0          0        152   Library Totals

    ----------------------------------------------------------------------

==============================================================================


      Code (inc. data)   RO Data    RW Data    ZI Data      Debug   

       120         48        392          0       5376       1112   Grand Totals
       120         48        392          0       5376       1112   ELF Image Totals
       120         48        392          0          0          0   ROM Totals

==============================================================================

    Total RO  Size (Code + RO Data)                  512 (   0.50kB)
    Total RW  Size (RW Data + ZI Data)              5376 (   5.25kB)
    Total ROM Size (Code + RO Data + RW Data)        512 (   0.50kB)

==============================================================================

